#
# A fatal error has been detected by the Java Runtime Environment:
#
#  SIGSEGV (0xb) at pc=0x000000015611b46c, pid=58259, tid=259
#
# JRE version: OpenJDK Runtime Environment Temurin-17.0.12+7 (17.0.12+7) (build 17.0.12+7)
# Java VM: OpenJDK 64-Bit Server VM Temurin-17.0.12+7 (17.0.12+7, mixed mode, tiered, compressed oops, compressed class ptrs, g1 gc, bsd-aarch64)
# Problematic frame:
# C  [libhalsim_gui.dylib+0x1f46c]  std::__1::__function::__func<halsimgui::NetworkTablesSimGui::Initialize()::$_1, std::__1::allocator<halsimgui::NetworkTablesSimGui::Initialize()::$_1>, void ()>::operator()()+0x8
#
# No core dump will be written. Core dumps have been disabled. To enable core dumping, try "ulimit -c unlimited" before starting Java again
#
# If you would like to submit a bug report, please visit:
#   https://github.com/adoptium/adoptium-support/issues
# The crash happened outside the Java Virtual Machine in native code.
# See problematic frame for where to report the bug.
#

---------------  S U M M A R Y ------------

Command Line: -agentlib:jdwp=transport=dt_socket,server=n,suspend=y,address=localhost:65420 -Djava.library.path=/Users/krithikalluri/Documents/GitHub/RedWatch2025/build/jni/release -XX:+ShowCodeDetailsInExceptionMessages frc.robot.Main

Host: "Mac15,10" arm64, 14 cores, 36G, Darwin 24.1.0, macOS 15.1 (24B83)
Time: Tue Mar 25 09:17:51 2025 EDT elapsed time: 531.506148 seconds (0d 0h 8m 51s)

---------------  T H R E A D  ---------------

Current thread (0x000000015180e400):  JavaThread "main" [_thread_in_native, id=259, stack(0x000000016e9dc000,0x000000016f1d8000)]

Stack: [0x000000016e9dc000,0x000000016f1d8000],  sp=0x000000016f1d45c0,  free space=8161k
Native frames: (J=compiled Java code, j=interpreted, Vv=VM code, C=native code)
C  [libhalsim_gui.dylib+0x1f46c]  std::__1::__function::__func<halsimgui::NetworkTablesSimGui::Initialize()::$_1, std::__1::allocator<halsimgui::NetworkTablesSimGui::Initialize()::$_1>, void ()>::operator()()+0x8
C  [libhalsim_gui.dylib+0xb42dc]  wpi::gui::PlatformRenderFrame()+0x254
C  [libhalsim_gui.dylib+0xa0e94]  wpi::gui::Main()+0x180
C  [libhalsim_gui.dylib+0x1e4c4]  HALSIM_InitExtension::$_8::__invoke(void*)+0xc
j  edu.wpi.first.hal.HAL.runMain()V+0
j  edu.wpi.first.wpilibj.RobotBase.startRobot(Ljava/util/function/Supplier;)V+85
j  frc.robot.Main.main([Ljava/lang/String;)V+5
v  ~StubRoutines::call_stub
V  [libjvm.dylib+0x45e0f4]  JavaCalls::call_helper(JavaValue*, methodHandle const&, JavaCallArguments*, JavaThread*)+0x3d8
V  [libjvm.dylib+0x4c5b28]  jni_invoke_static(JNIEnv_*, JavaValue*, _jobject*, JNICallType, _jmethodID*, JNI_ArgumentPusher*, JavaThread*)+0x158
V  [libjvm.dylib+0x4c92ac]  jni_CallStaticVoidMethod+0x130
C  [libjli.dylib+0xad24]  JavaMain+0x63c
C  [libjli.dylib+0xdb10]  __JVMInit_block_invoke+0x48
C  [Foundation+0x3ecb0]  __NSBLOCKOPERATION_IS_CALLING_OUT_TO_A_BLOCK__+0x18
C  [Foundation+0x3eb70]  -[NSBlockOperation main]+0x68
C  [Foundation+0x3eb00]  __NSOPERATION_IS_INVOKING_MAIN__+0x10
C  [Foundation+0x3de60]  -[NSOperation start]+0x288
C  [Foundation+0x78a80]  __NSThreadPerformPerform+0x108
C  [CoreFoundation+0x7dd34]  __CFRUNLOOP_IS_CALLING_OUT_TO_A_SOURCE0_PERFORM_FUNCTION__+0x1c
C  [CoreFoundation+0x7dcc8]  __CFRunLoopDoSource0+0xb0
C  [CoreFoundation+0x7da2c]  __CFRunLoopDoSources0+0xf4
C  [CoreFoundation+0x7c5c8]  __CFRunLoopRun+0x348
C  [CoreFoundation+0x7bbc4]  CFRunLoopRunSpecific+0x24c
C  [libjli.dylib+0xd1bc]  CreateExecutionEnvironment+0x194
C  [libjli.dylib+0x9224]  JLI_Launch+0x4d0
C  [java+0x3ba0]  main+0x198
C  [dyld+0x6274]  start+0xb18

Java frames: (J=compiled Java code, j=interpreted, Vv=VM code)
j  edu.wpi.first.hal.HAL.runMain()V+0
j  edu.wpi.first.wpilibj.RobotBase.startRobot(Ljava/util/function/Supplier;)V+85
j  frc.robot.Main.main([Ljava/lang/String;)V+5
v  ~StubRoutines::call_stub

siginfo: si_signo: 11 (SIGSEGV), si_code: 2 (SEGV_ACCERR), si_addr: 0x0000000000000000

Registers:
 x0=0x0000000000000000  x1=0x0000000000000000  x2=0x0000000000000051  x3=0x00000001386b4eb8
 x4=0x000000016f1d4140  x5=0x0000000156ed49c8  x6=0x0000000156ed49cc  x7=0x0000000000000000
 x8=0x0000000156f12000  x9=0x00000001087063a0 x10=0x0000000000000080 x11=0x0000000000000002
x12=0x0000000000000000 x13=0x0000000000000000 x14=0x441f40004429c000 x15=0x0000000042c00000
x16=0x00000001f19b7840 x17=0x00000001f19b7840 x18=0x0000000000000000 x19=0x0000000156f1b000
x20=0x0000000000000003 x21=0x0000000000000078 x22=0x000000015180a0e0 x23=0x00000001384c20f0
x24=0x00000001528f6d40 x25=0x00000001528f6d40 x26=0x0000000156f1b110 x27=0x0000000156f15000
x28=0x000000015180e400  fp=0x000000016f1d45e0  lr=0x000000015619cfa8  sp=0x000000016f1d45c0
pc=0x000000015611b46c cpsr=0x0000000080001000

Register to memory mapping:

 x0=0x0 is NULL
 x1=0x0 is NULL
 x2=0x0000000000000051 is an unknown value
 x3=